20:13:50.112 [main] INFO  org.expero.utilities.DriverManager - DRIVER INITIALIZED
20:13:52.233 [main] INFO  org.expero.utilities.DriverManager - DRIVER INITIALIZED
20:13:55.121 [main] INFO  org.expero.utilities.DriverManager - DRIVER INITIALIZED
20:13:57.023 [main] INFO  org.expero.utilities.DriverManager - DRIVER INITIALIZED
20:13:58.958 [main] INFO  org.expero.utilities.DriverManager - DRIVER INITIALIZED
20:14:00.836 [main] INFO  org.expero.utilities.DriverManager - DRIVER INITIALIZED
20:14:02.417 [main] INFO  org.expero.utilities.DriverManager - DRIVER INITIALIZED
20:14:04.006 [main] INFO  org.expero.utilities.DriverManager - DRIVER INITIALIZED
20:14:05.493 [main] INFO  org.expero.utilities.DriverManager - DRIVER INITIALIZED
20:14:07.012 [main] INFO  org.expero.utilities.DriverManager - DRIVER INITIALIZED
20:14:09.738 [main] INFO  org.expero.utilities.DriverManager - DRIVER INITIALIZED
20:14:12.475 [main] INFO  org.expero.utilities.DriverManager - DRIVER INITIALIZED
20:14:15.177 [main] INFO  org.expero.utilities.DriverManager - DRIVER INITIALIZED
20:14:17.882 [main] INFO  org.expero.utilities.DriverManager - DRIVER INITIALIZED
20:14:19.652 [main] INFO  org.expero.utilities.DriverManager - DRIVER INITIALIZED
